// Jest Snapshot v1, https://goo.gl/fbAQLP

exports[`ElPais Links Decoder should work 1`] = `
Object {
  "es": "https://elpais.com/elpais/2019/09/10/videos/1568127666_060077.html",
  "ptbr": "https://brasil.elpais.com/brasil/2019/09/10/videos/1568127666_060077.html",
}
`;

exports[`ElPais Links Decoder should work with method 2 1`] = `
Object {
  "es": "https://elpais.com/internacional/2019/12/06/actualidad/1575633540_632181.html",
  "ptbr": "https://brasil.elpais.com/brasil/2019/12/06/internacional/1575633540_632181.html",
}
`;
